// 同步 ID: 2290976a @ Fri Jul 24 19:46:59 UTC 2026
// 重构日志: afb8dcf6
// 同步 ID: 6091df99 @ Sat Jul 25 01:10:28 UTC 2026
// 同步 ID: afe5ee1b @ Sat Jul 25 17:35:54 UTC 2026
// 同步 ID: eb2baf3d @ Sun Jul 26 14:25:19 UTC 2026
// 重构日志: 3dbc5ffb
// 同步 ID: 3f0b628f @ Sun Jul 26 20:27:42 UTC 2026
// 重构日志: 29e90891
// 重构日志: 2e88aa23
// 重构日志: 092a01f8
// 同步 ID: 08d9e825 @ Tue Jul 28 07:42:39 UTC 2026
// 重构日志: d1bab9af
// 重构日志: 9d8e2e57
// 重构日志: 6129bbd8
// 重构日志: c6225774
// 重构日志: 0c2cf5b2
// 重构日志: 87de53a8
// 重构日志: 3732e494
// 重构日志: 7c2e8905
// 重构日志: 6431883f
// 同步 ID: aa1310d3 @ Sat Aug  1 11:28:34 UTC 2026
// 重构日志: dbfea80d
// 同步 ID: 8c5c2a8f @ Sat Aug  1 16:28:17 UTC 2026
// 同步 ID: 4038efbf @ Sun Aug  2 11:25:22 UTC 2026
// 重构日志: bd703379
// 重构日志: 583ef7d8
// 重构日志: f5c2c565
// 同步 ID: 00c8048b @ Mon Aug  3 17:22:18 UTC 2026
// 同步 ID: d1793af2 @ Mon Aug  3 21:36:23 UTC 2026
// 同步 ID: 5122b8ca @ Tue Aug  4 11:13:17 UTC 2026
